<!DOCTYPE html>

<title>expected-devel-1.0.0-5.fc35 - Fedora Packages</title>
<link rel="stylesheet" href="../../../assets/css/bootstrap.min.css">
<link rel="stylesheet" href="../../../assets/css/main.css">
<link href="https://apps.fedoraproject.org/global/fedora-bootstrap-fonts/open-sans.css" type="text/css" rel="stylesheet" />
<meta name="viewport" content="width=device-width, initial-scale=1.0">
<meta charset="UTF-8">
<meta name="description" content="View expected-devel-1.0.0-5.fc35 in Fedora Rawhide. expected-devel: Development files for expected">

<div class="container">
  <div class="row">
    <a href="../../../" class="col-md-6 d-flex align-items-center justify-content-center justify-content-md-start p-1">
      <img alt="Fedora Packages" src="../../../assets/images/logo.png">
    </a>
    <div class="col-md-6 d-flex align-items-center">
    </div>
  </div>

  <hr />

<h1>
	expected-devel-1.0.0-5.fc35<small class="text-muted"> in Fedora Rawhide</small>
</h1>
<p>
	<a href=".">&crarr; Return to the main page of expected-devel</a><br>
	<a href="https://koji.fedoraproject.org/koji/search?match=exact&type=build&terms=expected-1.0.0-5.fc35">View build</a><br>
	<a href="https://bodhi.fedoraproject.org/updates/?search=expected-1.0.0-5.fc35">Search for updates</a>
</p>

<p>
	<b>Package Info</b><br>
	<a href="#changelog">&#129047; Changelog</a><br>
	<a href="#dependencies">&#129047; Dependencies</a><br>
	<a href="#provides">&#129047; Provides</a><br>
	<a href="#files">&#129047; Files</a><br>
</p>

<h2 id="changelog">Changelog</h2>
<div class="table-responsive">
	<table class="table table-striped table-borderless ">
		<thead>
			<tr>
				<th scope="col">Date</th>
				<th scope="col">Author</th>
				<th scope="col">Change</th>
			</tr>
		</thead>
		<tr>
			<td>2021-07-21</td>
			<td>Fedora Release Engineering &lt;releng at fedoraproject dot org&gt; - 1.0.0-5</td>
			<td>- Rebuilt for https://fedoraproject.org/wiki/Fedora_35_Mass_Rebuild</td>
		</tr>
		<tr>
			<td>2021-01-26</td>
			<td>Fedora Release Engineering &lt;releng at fedoraproject dot org&gt; - 1.0.0-4</td>
			<td>- Rebuilt for https://fedoraproject.org/wiki/Fedora_34_Mass_Rebuild</td>
		</tr>
		<tr>
			<td>2020-07-27</td>
			<td>Fedora Release Engineering &lt;releng at fedoraproject dot org&gt; - 1.0.0-3</td>
			<td>- Rebuilt for https://fedoraproject.org/wiki/Fedora_33_Mass_Rebuild</td>
		</tr>
		<tr>
			<td>2020-01-28</td>
			<td>Fedora Release Engineering &lt;releng at fedoraproject dot org&gt; - 1.0.0-2</td>
			<td>- Rebuilt for https://fedoraproject.org/wiki/Fedora_32_Mass_Rebuild</td>
		</tr>
		<tr>
			<td>2020-01-06</td>
			<td>Vitaly Zaitsev &lt;vitaly at easycoding dot org&gt; - 1.0.0-1</td>
			<td>- Initial SPEC release.</td>
		</tr>
		<tbody>
		</tbody>
	</table>
</div>

<div class="row">
	<div class="col">
		<h2 id="dependencies">Dependencies</h2>
		<ul>
			<li>
			<a href="/pkgs/cmake/cmake-filesystem/fedora-rawhide.html">
			cmake-filesystem</a>

			</li>
		</ul>
	</div>
	<div class="col">
		<h2 id="provides">Provides</h2>
		<ul>
			<li>cmake(tl-expected)</li>
			<li>expected-devel</li>
			<li>expected-static</li>
		</ul>
	</div>
</div>

<h2 id="files">Files</h2>

<div class="tree">
	<ul>
	<li>usr/<ul>
	<li>include/<ul>
	<li>tl/<ul>
	<li>expected.hpp</li>
	</ul></li>
	</ul></li>
	<li>share/<ul>
	<li>cmake/<ul>
	<li>tl-expected/<ul>
	<li>tl-expected-config-version.cmake</li>
	<li>tl-expected-config.cmake</li>
	<li>tl-expected-targets.cmake</li>
	</ul></li>
	</ul></li>
	<li>doc/<ul>
	<li>expected-devel/<ul>
	<li>README.md</li>
	</ul></li>
	</ul></li>
	<li>licenses/<ul>
	<li>expected-devel/<ul>
	<li>COPYING</li>
	</ul></li>
	</ul></li>
	</ul></li>
	</ul></li>
	</ul></li>
</div>

  <div class="text-muted text-center">
    <br>
    Sources on <a href="https://pagure.io/fedora-packages-static">Pagure</a>
  </div>
</div>